// Jest Snapshot v1, https://goo.gl/fbAQLP

exports[`API teting #App Mounted Succesfully 1`] = `<App />`;

exports[`API teting #Timer Component Mounted Successfully 1`] = `
ShallowWrapper {
  Symbol(enzyme.__root__): [Circular],
  Symbol(enzyme.__unrendered__): <timer
    time="230 sec"
  />,
  Symbol(enzyme.__renderer__): Object {
    "batchedUpdates": [Function],
    "checkPropTypes": [Function],
    "getNode": [Function],
    "render": [Function],
    "simulateError": [Function],
    "simulateEvent": [Function],
    "unmount": [Function],
  },
  Symbol(enzyme.__node__): Object {
    "instance": null,
    "key": undefined,
    "nodeType": "host",
    "props": Object {
      "children": <p>
        <b>
          TimeTaken   : 
        </b>
         sec
      </p>,
    },
    "ref": null,
    "rendered": Object {
      "instance": null,
      "key": undefined,
      "nodeType": "host",
      "props": Object {
        "children": Array [
          <b>
            TimeTaken   : 
          </b>,
          undefined,
          " sec",
        ],
      },
      "ref": null,
      "rendered": Array [
        Object {
          "instance": null,
          "key": undefined,
          "nodeType": "host",
          "props": Object {
            "children": "TimeTaken   : ",
          },
          "ref": null,
          "rendered": "TimeTaken   : ",
          "type": "b",
        },
        undefined,
        " sec",
      ],
      "type": "p",
    },
    "type": "div",
  },
  Symbol(enzyme.__nodes__): Array [
    Object {
      "instance": null,
      "key": undefined,
      "nodeType": "host",
      "props": Object {
        "children": <p>
          <b>
            TimeTaken   : 
          </b>
           sec
        </p>,
      },
      "ref": null,
      "rendered": Object {
        "instance": null,
        "key": undefined,
        "nodeType": "host",
        "props": Object {
          "children": Array [
            <b>
              TimeTaken   : 
            </b>,
            undefined,
            " sec",
          ],
        },
        "ref": null,
        "rendered": Array [
          Object {
            "instance": null,
            "key": undefined,
            "nodeType": "host",
            "props": Object {
              "children": "TimeTaken   : ",
            },
            "ref": null,
            "rendered": "TimeTaken   : ",
            "type": "b",
          },
          undefined,
          " sec",
        ],
        "type": "p",
      },
      "type": "div",
    },
  ],
  Symbol(enzyme.__options__): Object {
    "adapter": ReactSixteenAdapter {
      "options": Object {
        "enableComponentDidUpdateOnSetState": true,
        "legacyContextMode": "parent",
        "lifecycles": Object {
          "componentDidUpdate": Object {
            "onSetState": true,
          },
          "getChildContext": Object {
            "calledByRenderer": false,
          },
          "getDerivedStateFromError": true,
          "getDerivedStateFromProps": Object {
            "hasShouldComponentUpdateBug": false,
          },
          "getSnapshotBeforeUpdate": true,
          "setState": Object {
            "skipsComponentDidUpdateOnNullish": true,
          },
        },
      },
    },
    Symbol(enzyme.__providerValues__): undefined,
  },
  Symbol(enzyme.__providerValues__): Map {},
}
`;

exports[`API teting renders an Button 1`] = `
"<div className=\\"row text-center btnMargin\\">
  <div className=\\"col-sm-12 text-center\\">
    <Link onClick={[undefined]} className=\\"btn btn-submit  font-weight-bolder color\\" to=\\"/\\" style={{...}}>
      Find falcone!
    </Link>
  </div>
</div>"
`;
